../Core/Src/lcd.c:24:6:LCD_Init	16	static
../Core/Src/lcd.c:100:6:LCD_Out_Data4	16	static
../Core/Src/lcd.c:123:6:LCD_Write_Byte	16	static
../Core/Src/lcd.c:134:6:LCD_Write_Cmd	16	static
../Core/Src/lcd.c:140:6:LCD_Put_Char	16	static
../Core/Src/lcd.c:146:6:LCD_Set_Cursor	24	static
../Core/Src/lcd.c:158:6:LCD_Put_Str	24	static
../Core/Src/lcd.c:164:6:LCD_Put_Num	40	static
../Core/Src/lcd.c:184:6:LCD_Busy	8	static
../Core/Src/lcd.c:230:6:LCD_Pulse_EN	8	static
../Core/Src/lcd.c:241:6:LCD_BarGraphic	24	static
../Core/Src/lcd.c:259:6:LCD_BarGraphicXY	32	static
