../Core/Src/main.c:110:5:main	144	static
../Core/Src/main.c:200:6:SystemClock_Config	72	static
../Core/Src/main.c:239:13:MX_GPIO_Init	24	static
../Core/Src/main.c:257:6:USER_RCC_Init	4	static
../Core/Src/main.c:269:6:USER_GPIO_Init	8	static
../Core/Src/main.c:274:6:USER_GPIO_Init_UART	4	static
../Core/Src/main.c:284:6:USER_GPIO_Init_Matricial	4	static
../Core/Src/main.c:325:6:USER_GPIO_Init_ADC	4	static
../Core/Src/main.c:337:6:USER_USART1_Init	4	static
../Core/Src/main.c:347:6:USER_USART1_Transmit	24	static
../Core/Src/main.c:356:6:USER_LCD_Init	8	static
../Core/Src/main.c:363:6:barrido	8	static
../Core/Src/main.c:495:6:USER_ADC_Init	8	static
../Core/Src/main.c:505:6:USER_ADC_Calibration	4	static
../Core/Src/main.c:509:10:USER_ADC_Read	4	static
../Core/Src/main.c:523:6:StartDefaultTask	16	static
../Core/Src/main.c:533:6:readMatricial	24	static
../Core/Src/main.c:553:6:readADC	32	static
../Core/Src/main.c:579:6:printLCD	48	static
../Core/Src/main.c:629:6:HAL_TIM_PeriodElapsedCallback	16	static
../Core/Src/main.c:647:6:Error_Handler	4	static,ignoring_inline_asm
