../Core/Src/main.c:128:5:main	200	static
../Core/Src/main.c:240:6:SystemClock_Config	72	static
../Core/Src/main.c:279:13:MX_GPIO_Init	24	static
../Core/Src/main.c:298:6:USER_RCC_Init	4	static
../Core/Src/main.c:309:6:USER_GPIO_Init	8	static
../Core/Src/main.c:314:6:USER_GPIO_Init_UART	4	static
../Core/Src/main.c:324:6:USER_USART1_Init	4	static
../Core/Src/main.c:334:6:USER_GPIO_Init_Matricial	4	static
../Core/Src/main.c:386:6:USER_GPIO_Init_ADC	4	static
../Core/Src/main.c:396:6:USER_USART1_Transmit	24	static
../Core/Src/main.c:404:6:USER_LCD_Init	8	static
../Core/Src/main.c:413:6:USER_ADC_Init	8	static
../Core/Src/main.c:423:6:USER_ADC_Calibration	4	static
../Core/Src/main.c:427:10:USER_ADC_Read	4	static
../Core/Src/main.c:441:6:StartDefaultTask	16	static
../Core/Src/main.c:462:6:readMatricial	24	static
../Core/Src/main.c:478:6:readADC	32	static
../Core/Src/main.c:508:6:readState	16	static
../Core/Src/main.c:526:6:readControl	32	static
../Core/Src/main.c:552:6:sendLCD	80	static
../Core/Src/main.c:637:6:barrido	16	static
../Core/Src/main.c:812:6:HAL_TIM_PeriodElapsedCallback	16	static
../Core/Src/main.c:830:6:Error_Handler	4	static,ignoring_inline_asm
