../Core/Src/main.c:92:5:main	128	static
../Core/Src/main.c:173:6:SystemClock_Config	72	static
../Core/Src/main.c:212:13:MX_GPIO_Init	24	static
../Core/Src/main.c:230:6:USER_RCC_Init	4	static
../Core/Src/main.c:241:6:USER_GPIO_Init	8	static
../Core/Src/main.c:246:6:USER_GPIO_Init_UART	4	static
../Core/Src/main.c:256:6:USER_GPIO_Init_Matricial	4	static
../Core/Src/main.c:297:6:USER_GPIO_Init_ADC	4	static
../Core/Src/main.c:307:6:USER_USART1_Init	4	static
../Core/Src/main.c:317:6:USER_USART1_Transmit	24	static
../Core/Src/main.c:326:6:barrido	8	static
../Core/Src/main.c:476:6:USER_ADC_Init	8	static
../Core/Src/main.c:486:6:USER_ADC_Calibration	4	static
../Core/Src/main.c:490:10:USER_ADC_Read	4	static
../Core/Src/main.c:504:6:StartDefaultTask	16	static
../Core/Src/main.c:515:6:readMatricial	16	static
../Core/Src/main.c:524:6:readADC	16	static
../Core/Src/main.c:533:6:printADC	16	static
../Core/Src/main.c:552:6:HAL_TIM_PeriodElapsedCallback	16	static
../Core/Src/main.c:570:6:Error_Handler	4	static,ignoring_inline_asm
